
1 row created.


1 row created.


1 row created.


1 row created.


1 row created.


1 row created.


1 row created.


1 row created.


1 row created.


1 row created.


1 row created.


1 row created.


1 row created.


1 row created.


1 row created.


1 row created.


1 row created.


1 row created.


1 row created.


1 row created.


1 row created.


1 row created.


1 row created.


1 row created.


1 row created.


1 row created.


1 row created.


1 row created.


1 row created.


1 row created.


1 row created.


1 row created.


1 row created.


1 row created.


1 row created.


1 row created.


1 row created.


1 row created.


1 row created.


1 row created.


1 row created.


1 row created.


1 row created.


1 row created.


1 row created.


1 row created.


1 row created.


1 row created.


1 row created.


1 row created.


1 row created.


1 row created.


1 row created.


1 row created.


1 row created.


1 row created.


1 row created.


1 row created.


1 row created.


1 row created.


1 row created.


1 row created.


1 row created.


1 row created.


1 row created.


1 row created.


1 row created.


1 row created.


1 row created.


1 row created.


1 row created.


1 row created.


1 row created.


1 row created.


1 row created.


1 row created.


1 row created.


1 row created.


1 row created.


1 row created.


1 row created.


1 row created.


1 row created.


1 row created.


1 row created.


1 row created.


1 row created.


1 row created.


1 row created.


1 row created.


1 row created.


1 row created.


1 row created.


1 row created.


1 row created.


1 row created.


1 row created.


1 row created.


1 row created.


1 row created.


1 row created.


1 row created.


1 row created.


1 row created.


1 row created.


1 row created.


1 row created.


1 row created.


1 row created.


1 row created.


1 row created.


1 row created.


1 row created.


1 row created.


1 row created.


1 row created.


1 row created.


1 row created.


1 row created.


1 row created.


1 row created.


1 row created.


1 row created.


1 row created.


1 row created.


1 row created.


1 row created.


1 row created.


1 row created.


1 row created.


1 row created.


1 row created.


1 row created.


1 row created.


1 row created.


1 row created.


1 row created.


1 row created.


1 row created.


1 row created.


1 row created.


1 row created.


1 row created.


1 row created.


1 row created.


1 row created.


1 row created.


1 row created.


1 row created.


1 row created.


1 row created.


1 row created.


1 row created.


1 row created.


1 row created.


1 row created.


1 row created.


1 row created.


1 row created.


1 row created.


1 row created.


1 row created.


1 row created.


1 row created.


1 row created.


1 row created.


1 row created.


1 row created.


1 row created.


1 row created.


1 row created.


1 row created.


1 row created.


1 row created.


1 row created.


1 row created.


1 row created.


1 row created.


1 row created.


1 row created.


1 row created.


1 row created.


1 row created.


1 row created.


1 row created.


1 row created.


1 row created.


1 row created.


1 row created.


1 row created.


1 row created.


1 row created.


1 row created.


1 row created.


1 row created.


1 row created.


1 row created.


1 row created.


1 row created.


1 row created.


1 row created.


1 row created.


1 row created.


1 row created.


1 row created.


1 row created.


1 row created.


1 row created.


1 row created.


1 row created.


1 row created.


1 row created.


1 row created.


1 row created.


1 row created.


1 row created.


1 row created.


1 row created.


1 row created.


1 row created.


1 row created.


1 row created.


1 row created.


1 row created.


1 row created.


1 row created.


1 row created.


1 row created.


1 row created.


1 row created.


1 row created.


1 row created.


1 row created.


1 row created.


1 row created.


1 row created.


1 row created.


1 row created.


1 row created.


1 row created.


1 row created.


1 row created.


1 row created.


1 row created.


1 row created.


1 row created.


1 row created.


1 row created.


1 row created.


1 row created.


1 row created.


1 row created.


1 row created.


1 row created.


1 row created.


1 row created.


1 row created.


1 row created.


1 row created.


1 row created.


1 row created.


1 row created.


1 row created.


1 row created.


1 row created.


1 row created.


1 row created.


1 row created.


1 row created.


1 row created.


1 row created.


1 row created.


1 row created.


1 row created.


1 row created.


1 row created.


1 row created.


1 row created.


1 row created.


1 row created.


1 row created.


1 row created.


1 row created.


1 row created.


1 row created.


1 row created.


1 row created.


1 row created.


1 row created.


1 row created.


1 row created.


1 row created.


1 row created.


1 row created.


1 row created.


1 row created.


1 row created.


1 row created.


1 row created.


1 row created.


1 row created.


1 row created.


PL/SQL procedure successfully completed.


Commit complete.

COL full_name FORMAT A20
SQL> COL title     FORMAT A28
SQL> COL product   FORMAT A8
SQL> SELECT DISTINCT
  2         CASE
  3           WHEN c.middle_name IS NOT NULL THEN
           c.last_name || ' ' || SUBSTR(c.middle_name,1,3) || ' ' || c.first_name
  5           ELSE
  6             c.last_name || ' ' || c.first_name
  7           END AS full_name
  8  ,        i.item_title AS title
,        SUBSTR(cl.common_lookup_meaning,1,3) AS product
 10  FROM     contact c JOIN rental r
 11  ON       c.contact_id = r.customer_id JOIN rental_item ri
 12  ON       r.rental_id = ri.rental_id JOIN item i
 13  ON       ri.item_id = i.item_id JOIN common_lookup cl
 14  ON       i.item_type = cl.common_lookup_id
 15  WHERE    i.item_title IN ('Camelot'
 16                           ,'Cars'
 17                           ,'Hook'
 18                           ,'RoboCop'
 19                           ,'Star Wars I'
 20                           ,'Star Wars II'
 21                           ,'Star Wars III'
                         ,'The Hunt for Red October')
AND      c.last_name IN ('Sweeney','Vizquel','Winn')
 24  ORDER BY 1;

FULL_NAME            TITLE                        PRODUCT
-------------------- ---------------------------- --------
Sweeney M Ian        Camelot                      DVD
Sweeney M Ian        The Hunt for Red October     DVD
Sweeney Matthew      Camelot                      DVD
Sweeney Matthew      The Hunt for Red October     DVD
Sweeney Meaghan      Camelot                      DVD
Sweeney Meaghan      The Hunt for Red October     DVD
Vizquel Doreen       Camelot                      DVD
Vizquel Doreen       The Hunt for Red October     DVD
Vizquel Oscar        Camelot                      DVD
Vizquel Oscar        The Hunt for Red October     DVD
Winn Brian           Camelot                      DVD
Winn Brian           The Hunt for Red October     DVD
Winn Randi           Camelot                      DVD
Winn Randi           The Hunt for Red October     DVD

14 rows selected.

SQL> SELECT   table_name
SP2-0734: unknown command beginning "SQL> SELEC..." - rest of line ignored.
SQL> 2  FROM     user_tables
3  WHERE    table_name NOT IN ('EMP','DEPT','ACCOUNT_LIST','CALENDAR','AIRPORT','TRANSACTION','PRICE')
SQL> 4  AND NOT  table_name LIKE 'DEMO%'
SQL> 5  AND NOT  table_name LIKE 'APEX%'
SQL> 6  ORDER BY table_name;
SQL> SELECT table_name
  2  FROM user_table
  3  where table_name not in ('EMP','DEPT','ACCOUNT_LIST','CALENDAR','AIRPORT','TRANSACTION','PRICE')
  4  AND NOT  table_name LIKE 'DEMO%'
  5  AND NOT  table_name LIKE 'APEX%'
  6  ORDER BY table_name;
FROM user_table
     *
ERROR at line 2:
ORA-00942: table or view does not exist


SQL> SELECT   table_name
SP2-0734: unknown command beginning "SQL> SELEC..." - rest of line ignored.
SQL> 2  FROM     user_tables
3  WHERE    table_name NOT IN ('EMP','DEPT','ACCOUNT_LIST','CALENDAR','AIRPORT','TRANSACTION','PRICE')
SQL> 4  AND NOT  table_name LIKE 'DEMO%'
SQL> 5  AND NOT  table_name LIKE 'APEX%'
SQL> 6  ORDER BY table_name;
SQL> 
SQL> SELECT   table_name
2  FROM     user_tables
3  WHERE    table_name NOT IN ('EMP','DEPT','ACCOUNT_LIST','CALENDAR','AIRPORT','TRANSACTION','PRICE')
  4  4  AND NOT  table_name LIKE 'DEMO%'
  5  5  AND NOT  table_name LIKE 'APEX%'
  6  6  ORDER BY table_name;
2  FROM     user_tables
*
ERROR at line 2:
ORA-00923: FROM keyword not found where expected


SQL> SELECT   table_name
  2  FROM     user_tables
  3  WHERE    table_name NOT IN ('EMP','DEPT','ACCOUNT_LIST','CALENDAR','AIRPORT','TRANSACTION','PRICE')
  4  AND NOT  table_name LIKE 'DEMO%'
  5  AND NOT  table_name LIKE 'APEX%'
  6  ORDER BY table_name;

TABLE_NAME
------------------------------
ADDRESS
COMMON_LOOKUP
CONTACT
ITEM
MEMBER
RENTAL
RENTAL_ITEM
STREET_ADDRESS
SYSTEM_USER
TELEPHONE

10 rows selected.

SQL> 
